Testing with type: contract, standard_work_days: NULL (using calendar)
Office Worker (V├╡ Ngß╗ìc Triß╗çn): Theo hß╗úp ─æß╗ông (Hß╗ç thß╗æng) | Income: 0 | Standard Days: 21
-----------------------------------
Testing with type: attendance, standard_work_days: NULL (using calendar)
Office Worker (V├╡ Ngß╗ìc Triß╗çn): Theo chß║Ñm c├┤ng (Hß╗ç thß╗æng) | Income: 0 | Standard Days: 21
-----------------------------------
Testing with type: attendance, standard_work_days: 26
Office Worker (V├╡ Ngß╗ìc Triß╗çn): Theo chß║Ñm c├┤ng (Hß╗ç thß╗æng) | Income: 0 | Standard Days: 26
-----------------------------------
Testing with type: attendance, standard_work_days: 24
Office Worker (V├╡ Ngß╗ìc Triß╗çn): Theo chß║Ñm c├┤ng (Hß╗ç thß╗æng) | Income: 0 | Standard Days: 24
-----------------------------------
